[2026-09-21T07:42:29.438Z] Error saving order: Invalid login: 535-5.7.8 Username and Password not accepted. For more information, go to
535 5.7.8  https://support.google.com/mail/?p=BadCredentials 98e67ed59e1d1-3a02625615dsm4340466a91.2 - gsmtp
Error: Invalid login: 535-5.7.8 Username and Password not accepted. For more information, go to
535 5.7.8  https://support.google.com/mail/?p=BadCredentials 98e67ed59e1d1-3a02625615dsm4340466a91.2 - gsmtp
    at SMTPConnection._formatError (D:\3.2 project backend\node_modules\nodemailer\lib\smtp-connection\index.js:938:19)
    at SMTPConnection._actionAUTHComplete (D:\3.2 project backend\node_modules\nodemailer\lib\smtp-connection\index.js:1784:34)
    at SMTPConnection.<anonymous> (D:\3.2 project backend\node_modules\nodemailer\lib\smtp-connection\index.js:669:26)
    at SMTPConnection._processResponse (D:\3.2 project backend\node_modules\nodemailer\lib\smtp-connection\index.js:1150:20)
    at SMTPConnection._onData (D:\3.2 project backend\node_modules\nodemailer\lib\smtp-connection\index.js:898:14)
    at SMTPConnection._onSocketData (D:\3.2 project backend\node_modules\nodemailer\lib\smtp-connection\index.js:224:44)
    at TLSSocket.emit (node:events:518:28)
    at addChunk (node:internal/streams/readable:561:12)
    at readableAddChunkPushByteMode (node:internal/streams/readable:512:3)
    at Readable.push (node:internal/streams/readable:392:5)
[2026-09-21T07:44:42.340Z] Error saving order: Invalid login: 535-5.7.8 Username and Password not accepted. For more information, go to
535 5.7.8  https://support.google.com/mail/?p=BadCredentials d2e1a72fcca58-877aa6fd3ecsm2794331b3a.59 - gsmtp
Error: Invalid login: 535-5.7.8 Username and Password not accepted. For more information, go to
535 5.7.8  https://support.google.com/mail/?p=BadCredentials d2e1a72fcca58-877aa6fd3ecsm2794331b3a.59 - gsmtp
    at SMTPConnection._formatError (D:\3.2 project backend\node_modules\nodemailer\lib\smtp-connection\index.js:938:19)
    at SMTPConnection._actionAUTHComplete (D:\3.2 project backend\node_modules\nodemailer\lib\smtp-connection\index.js:1784:34)
    at SMTPConnection.<anonymous> (D:\3.2 project backend\node_modules\nodemailer\lib\smtp-connection\index.js:669:26)
    at SMTPConnection._processResponse (D:\3.2 project backend\node_modules\nodemailer\lib\smtp-connection\index.js:1150:20)
    at SMTPConnection._onData (D:\3.2 project backend\node_modules\nodemailer\lib\smtp-connection\index.js:898:14)
    at SMTPConnection._onSocketData (D:\3.2 project backend\node_modules\nodemailer\lib\smtp-connection\index.js:224:44)
    at TLSSocket.emit (node:events:518:28)
    at addChunk (node:internal/streams/readable:561:12)
    at readableAddChunkPushByteMode (node:internal/streams/readable:512:3)
    at Readable.push (node:internal/streams/readable:392:5)
[2026-09-21T07:49:34.468Z] Error saving order: Invalid login: 535-5.7.8 Username and Password not accepted. For more information, go to
535 5.7.8  https://support.google.com/mail/?p=BadCredentials d9443c01a7336-2df3fd8c9a0sm16341535ad.38 - gsmtp
Error: Invalid login: 535-5.7.8 Username and Password not accepted. For more information, go to
535 5.7.8  https://support.google.com/mail/?p=BadCredentials d9443c01a7336-2df3fd8c9a0sm16341535ad.38 - gsmtp
    at SMTPConnection._formatError (D:\3.2 project backend\node_modules\nodemailer\lib\smtp-connection\index.js:938:19)
    at SMTPConnection._actionAUTHComplete (D:\3.2 project backend\node_modules\nodemailer\lib\smtp-connection\index.js:1784:34)
    at SMTPConnection.<anonymous> (D:\3.2 project backend\node_modules\nodemailer\lib\smtp-connection\index.js:669:26)
    at SMTPConnection._processResponse (D:\3.2 project backend\node_modules\nodemailer\lib\smtp-connection\index.js:1150:20)
    at SMTPConnection._onData (D:\3.2 project backend\node_modules\nodemailer\lib\smtp-connection\index.js:898:14)
    at SMTPConnection._onSocketData (D:\3.2 project backend\node_modules\nodemailer\lib\smtp-connection\index.js:224:44)
    at TLSSocket.emit (node:events:518:28)
    at addChunk (node:internal/streams/readable:561:12)
    at readableAddChunkPushByteMode (node:internal/streams/readable:512:3)
    at Readable.push (node:internal/streams/readable:392:5)
[2026-09-21T07:54:03.846Z] Error saving order: Invalid login: 535-5.7.8 Username and Password not accepted. For more information, go to
535 5.7.8  https://support.google.com/mail/?p=BadCredentials d2e1a72fcca58-877a6ae7d71sm2788843b3a.2 - gsmtp
Error: Invalid login: 535-5.7.8 Username and Password not accepted. For more information, go to
535 5.7.8  https://support.google.com/mail/?p=BadCredentials d2e1a72fcca58-877a6ae7d71sm2788843b3a.2 - gsmtp
    at SMTPConnection._formatError (D:\3.2 project backend\node_modules\nodemailer\lib\smtp-connection\index.js:938:19)
    at SMTPConnection._actionAUTHComplete (D:\3.2 project backend\node_modules\nodemailer\lib\smtp-connection\index.js:1784:34)
    at SMTPConnection.<anonymous> (D:\3.2 project backend\node_modules\nodemailer\lib\smtp-connection\index.js:669:26)
    at SMTPConnection._processResponse (D:\3.2 project backend\node_modules\nodemailer\lib\smtp-connection\index.js:1150:20)
    at SMTPConnection._onData (D:\3.2 project backend\node_modules\nodemailer\lib\smtp-connection\index.js:898:14)
    at SMTPConnection._onSocketData (D:\3.2 project backend\node_modules\nodemailer\lib\smtp-connection\index.js:224:44)
    at TLSSocket.emit (node:events:518:28)
    at addChunk (node:internal/streams/readable:561:12)
    at readableAddChunkPushByteMode (node:internal/streams/readable:512:3)
    at Readable.push (node:internal/streams/readable:392:5)
